2026-08-11 22:33:05.041: [INFO] CurrentProfilePath: C:\Users\Kevin Quishpe\eclipse-workspace\.metadata\.plugins\org.eclipse.swt\EBWebView\Default
2026-08-11 22:33:05.041: [INFO] Profiles total count: 1
2026-08-11 22:33:05.041: [INFO] Profile: name=Perfil 1 path=C:\Users\Kevin Quishpe\eclipse-workspace\.metadata\.plugins\org.eclipse.swt\EBWebView\Default lastActive=null
2026-08-11 22:33:05.041: [INFO] LastUsedProfileDir: C:\Users\Kevin Quishpe\eclipse-workspace\.metadata\.plugins\org.eclipse.swt\EBWebView\Default
2026-08-11 22:33:05.041: [INFO] OnDoneLoading sync enabled: 0
2026-08-11 22:33:05.041: [INFO] BookmarkModelLoaded, ids_reassigned: 0
2026-08-11 22:33:05.042: [INFO] BookmarksLoadDropped droppedNodes=0
2026-08-11 22:33:05.042: [INFO] BookmarksSnapshot Startup total=0 bar=0 other=0 mobile=0 showBar=0 showBarNTP=1
2026-08-11 22:33:31.965: [INFO] BookmarksSnapshot Shutdown total=0 bar=0 other=0 mobile=0 showBar=0 showBarNTP=1
2026-08-11 22:33:33.279: [INFO] CurrentProfilePath: C:\Users\Kevin Quishpe\eclipse-workspace\.metadata\.plugins\org.eclipse.swt\EBWebView\Default
2026-08-11 22:33:33.279: [INFO] Profiles total count: 1
2026-08-11 22:33:33.281: [INFO] Profile: name=Perfil 1 path=C:\Users\Kevin Quishpe\eclipse-workspace\.metadata\.plugins\org.eclipse.swt\EBWebView\Default lastActive=2026-08-11T22:33:19.055Z
2026-08-11 22:33:33.281: [INFO] LastUsedProfileDir: C:\Users\Kevin Quishpe\eclipse-workspace\.metadata\.plugins\org.eclipse.swt\EBWebView\Default
2026-08-11 22:33:33.281: [INFO] MostRecentlyActiveProfile: name=Perfil 1 path=C:\Users\Kevin Quishpe\eclipse-workspace\.metadata\.plugins\org.eclipse.swt\EBWebView\Default lastActive=2026-08-11T22:33:19.055Z
2026-08-11 22:33:33.281: [INFO] OnDoneLoading sync enabled: 0
2026-08-11 22:33:33.281: [INFO] BookmarkModelLoaded, ids_reassigned: 0
2026-08-11 22:33:33.281: [INFO] BookmarksLoadDropped droppedNodes=0
2026-08-11 22:33:33.281: [INFO] BookmarksSnapshot Startup total=0 bar=0 other=0 mobile=0 showBar=0 showBarNTP=1
2026-08-11 22:33:54.845: [INFO] BookmarksSnapshot Shutdown total=0 bar=0 other=0 mobile=0 showBar=0 showBarNTP=1
2026-08-11 22:35:55.653: [INFO] CurrentProfilePath: C:\Users\Kevin Quishpe\eclipse-workspace\.metadata\.plugins\org.eclipse.swt\EBWebView\Default
2026-08-11 22:35:55.653: [INFO] Profiles total count: 1
2026-08-11 22:35:55.653: [INFO] Profile: name=Perfil 1 path=C:\Users\Kevin Quishpe\eclipse-workspace\.metadata\.plugins\org.eclipse.swt\EBWebView\Default lastActive=2026-08-11T22:33:51.011Z
2026-08-11 22:35:55.653: [INFO] LastUsedProfileDir: C:\Users\Kevin Quishpe\eclipse-workspace\.metadata\.plugins\org.eclipse.swt\EBWebView\Default
2026-08-11 22:35:55.653: [INFO] MostRecentlyActiveProfile: name=Perfil 1 path=C:\Users\Kevin Quishpe\eclipse-workspace\.metadata\.plugins\org.eclipse.swt\EBWebView\Default lastActive=2026-08-11T22:33:51.011Z
2026-08-11 22:35:55.653: [INFO] OnDoneLoading sync enabled: 0
2026-08-11 22:35:55.653: [INFO] BookmarkModelLoaded, ids_reassigned: 0
2026-08-11 22:35:55.653: [INFO] BookmarksLoadDropped droppedNodes=0
2026-08-11 22:35:55.653: [INFO] BookmarksSnapshot Startup total=0 bar=0 other=0 mobile=0 showBar=0 showBarNTP=1
2026-08-11 22:39:07.838: [INFO] BookmarksSnapshot Shutdown total=0 bar=0 other=0 mobile=0 showBar=0 showBarNTP=1
2026-08-12 17:33:40.068: [INFO] CurrentProfilePath: C:\Users\Kevin Quishpe\eclipse-workspace\.metadata\.plugins\org.eclipse.swt\EBWebView\Default
2026-08-12 17:33:40.068: [INFO] Profiles total count: 1
2026-08-12 17:33:40.068: [INFO] Profile: name=Perfil 1 path=C:\Users\Kevin Quishpe\eclipse-workspace\.metadata\.plugins\org.eclipse.swt\EBWebView\Default lastActive=2026-08-11T22:39:07.282Z
2026-08-12 17:33:40.068: [INFO] LastUsedProfileDir: C:\Users\Kevin Quishpe\eclipse-workspace\.metadata\.plugins\org.eclipse.swt\EBWebView\Default
2026-08-12 17:33:40.068: [INFO] MostRecentlyActiveProfile: name=Perfil 1 path=C:\Users\Kevin Quishpe\eclipse-workspace\.metadata\.plugins\org.eclipse.swt\EBWebView\Default lastActive=2026-08-11T22:39:07.282Z
2026-08-12 17:33:40.068: [INFO] OnDoneLoading sync enabled: 0
2026-08-12 17:33:40.068: [INFO] BookmarkModelLoaded, ids_reassigned: 0
2026-08-12 17:33:40.068: [INFO] BookmarksLoadDropped droppedNodes=0
2026-08-12 17:33:40.068: [INFO] BookmarksSnapshot Startup total=0 bar=0 other=0 mobile=0 showBar=0 showBarNTP=1
2026-08-12 17:33:50.286: [INFO] BookmarksSnapshot Shutdown total=0 bar=0 other=0 mobile=0 showBar=0 showBarNTP=1
2026-08-12 20:24:26.561: [INFO] CurrentProfilePath: C:\Users\Kevin Quishpe\eclipse-workspace\.metadata\.plugins\org.eclipse.swt\EBWebView\Default
2026-08-12 20:24:26.561: [INFO] Profiles total count: 1
2026-08-12 20:24:26.562: [INFO] Profile: name=Perfil 1 path=C:\Users\Kevin Quishpe\eclipse-workspace\.metadata\.plugins\org.eclipse.swt\EBWebView\Default lastActive=2026-08-12T17:33:48.545Z
2026-08-12 20:24:26.562: [INFO] LastUsedProfileDir: C:\Users\Kevin Quishpe\eclipse-workspace\.metadata\.plugins\org.eclipse.swt\EBWebView\Default
2026-08-12 20:24:26.562: [INFO] MostRecentlyActiveProfile: name=Perfil 1 path=C:\Users\Kevin Quishpe\eclipse-workspace\.metadata\.plugins\org.eclipse.swt\EBWebView\Default lastActive=2026-08-12T17:33:48.545Z
2026-08-12 20:24:26.562: [INFO] OnDoneLoading sync enabled: 0
2026-08-12 20:24:26.562: [INFO] BookmarkModelLoaded, ids_reassigned: 0
2026-08-12 20:24:26.562: [INFO] BookmarksLoadDropped droppedNodes=0
2026-08-12 20:24:26.562: [INFO] BookmarksSnapshot Startup total=0 bar=0 other=0 mobile=0 showBar=0 showBarNTP=1
2026-08-12 20:24:35.837: [INFO] BookmarksSnapshot Shutdown total=0 bar=0 other=0 mobile=0 showBar=0 showBarNTP=1
2026-08-12 20:31:58.116: [INFO] CurrentProfilePath: C:\Users\Kevin Quishpe\eclipse-workspace\.metadata\.plugins\org.eclipse.swt\EBWebView\Default
2026-08-12 20:31:58.116: [INFO] Profiles total count: 1
2026-08-12 20:31:58.116: [INFO] Profile: name=Perfil 1 path=C:\Users\Kevin Quishpe\eclipse-workspace\.metadata\.plugins\org.eclipse.swt\EBWebView\Default lastActive=2026-08-12T20:24:32.653Z
2026-08-12 20:31:58.116: [INFO] LastUsedProfileDir: C:\Users\Kevin Quishpe\eclipse-workspace\.metadata\.plugins\org.eclipse.swt\EBWebView\Default
2026-08-12 20:31:58.116: [INFO] MostRecentlyActiveProfile: name=Perfil 1 path=C:\Users\Kevin Quishpe\eclipse-workspace\.metadata\.plugins\org.eclipse.swt\EBWebView\Default lastActive=2026-08-12T20:24:32.653Z
2026-08-12 20:31:58.116: [INFO] OnDoneLoading sync enabled: 0
2026-08-12 20:31:58.116: [INFO] BookmarkModelLoaded, ids_reassigned: 0
2026-08-12 20:31:58.116: [INFO] BookmarksLoadDropped droppedNodes=0
2026-08-12 20:31:58.116: [INFO] BookmarksSnapshot Startup total=0 bar=0 other=0 mobile=0 showBar=0 showBarNTP=1
2026-08-12 22:21:01.534: [INFO] BookmarksSnapshot Shutdown total=0 bar=0 other=0 mobile=0 showBar=0 showBarNTP=1
2026-08-14 19:27:04.709: [INFO] CurrentProfilePath: C:\Users\Kevin Quishpe\eclipse-workspace\.metadata\.plugins\org.eclipse.swt\EBWebView\Default
2026-08-14 19:27:04.709: [INFO] Profiles total count: 1
2026-08-14 19:27:04.709: [INFO] Profile: name=Perfil 1 path=C:\Users\Kevin Quishpe\eclipse-workspace\.metadata\.plugins\org.eclipse.swt\EBWebView\Default lastActive=2026-08-12T20:24:32.653Z
2026-08-14 19:27:04.709: [INFO] LastUsedProfileDir: C:\Users\Kevin Quishpe\eclipse-workspace\.metadata\.plugins\org.eclipse.swt\EBWebView\Default
2026-08-14 19:27:04.709: [INFO] MostRecentlyActiveProfile: name=Perfil 1 path=C:\Users\Kevin Quishpe\eclipse-workspace\.metadata\.plugins\org.eclipse.swt\EBWebView\Default lastActive=2026-08-12T20:24:32.653Z
2026-08-14 19:27:04.709: [INFO] OnDoneLoading sync enabled: 0
2026-08-14 19:27:04.709: [INFO] BookmarkModelLoaded, ids_reassigned: 0
2026-08-14 19:27:04.709: [INFO] BookmarksLoadDropped droppedNodes=0
2026-08-14 19:27:04.709: [INFO] BookmarksSnapshot Startup total=0 bar=0 other=0 mobile=0 showBar=0 showBarNTP=1
2026-08-14 19:27:14.451: [INFO] BookmarksSnapshot Shutdown total=0 bar=0 other=0 mobile=0 showBar=0 showBarNTP=1
2026-08-14 20:27:31.786: [INFO] CurrentProfilePath: C:\Users\Kevin Quishpe\eclipse-workspace\.metadata\.plugins\org.eclipse.swt\EBWebView\Default
2026-08-14 20:27:31.786: [INFO] Profiles total count: 1
2026-08-14 20:27:31.786: [INFO] Profile: name=Perfil 1 path=C:\Users\Kevin Quishpe\eclipse-workspace\.metadata\.plugins\org.eclipse.swt\EBWebView\Default lastActive=2026-08-12T20:24:32.653Z
2026-08-14 20:27:31.786: [INFO] LastUsedProfileDir: C:\Users\Kevin Quishpe\eclipse-workspace\.metadata\.plugins\org.eclipse.swt\EBWebView\Default
2026-08-14 20:27:31.786: [INFO] MostRecentlyActiveProfile: name=Perfil 1 path=C:\Users\Kevin Quishpe\eclipse-workspace\.metadata\.plugins\org.eclipse.swt\EBWebView\Default lastActive=2026-08-12T20:24:32.653Z
2026-08-14 20:27:31.786: [INFO] OnDoneLoading sync enabled: 0
2026-08-14 20:27:31.786: [INFO] BookmarkModelLoaded, ids_reassigned: 0
2026-08-14 20:27:31.786: [INFO] BookmarksLoadDropped droppedNodes=0
2026-08-14 20:27:31.786: [INFO] BookmarksSnapshot Startup total=0 bar=0 other=0 mobile=0 showBar=0 showBarNTP=1
2026-08-14 21:49:02.817: [INFO] BookmarksSnapshot Shutdown total=0 bar=0 other=0 mobile=0 showBar=0 showBarNTP=1
2026-08-14 22:03:33.755: [INFO] CurrentProfilePath: C:\Users\Kevin Quishpe\eclipse-workspace\.metadata\.plugins\org.eclipse.swt\EBWebView\Default
2026-08-14 22:03:33.755: [INFO] Profiles total count: 1
2026-08-14 22:03:33.756: [INFO] Profile: name=Perfil 1 path=C:\Users\Kevin Quishpe\eclipse-workspace\.metadata\.plugins\org.eclipse.swt\EBWebView\Default lastActive=2026-08-12T20:24:32.653Z
2026-08-14 22:03:33.756: [INFO] LastUsedProfileDir: C:\Users\Kevin Quishpe\eclipse-workspace\.metadata\.plugins\org.eclipse.swt\EBWebView\Default
2026-08-14 22:03:33.756: [INFO] MostRecentlyActiveProfile: name=Perfil 1 path=C:\Users\Kevin Quishpe\eclipse-workspace\.metadata\.plugins\org.eclipse.swt\EBWebView\Default lastActive=2026-08-12T20:24:32.653Z
2026-08-14 22:03:33.756: [INFO] OnDoneLoading sync enabled: 0
2026-08-14 22:03:33.756: [INFO] BookmarkModelLoaded, ids_reassigned: 0
2026-08-14 22:03:33.756: [INFO] BookmarksLoadDropped droppedNodes=0
2026-08-14 22:03:33.756: [INFO] BookmarksSnapshot Startup total=0 bar=0 other=0 mobile=0 showBar=0 showBarNTP=1
2026-08-14 22:03:53.743: [INFO] BookmarksSnapshot Shutdown total=0 bar=0 other=0 mobile=0 showBar=0 showBarNTP=1
2026-08-14 22:05:03.532: [INFO] CurrentProfilePath: C:\Users\Kevin Quishpe\eclipse-workspace\.metadata\.plugins\org.eclipse.swt\EBWebView\Default
2026-08-14 22:05:03.532: [INFO] Profiles total count: 1
2026-08-14 22:05:03.532: [INFO] Profile: name=Perfil 1 path=C:\Users\Kevin Quishpe\eclipse-workspace\.metadata\.plugins\org.eclipse.swt\EBWebView\Default lastActive=2026-08-12T20:24:32.653Z
2026-08-14 22:05:03.532: [INFO] LastUsedProfileDir: C:\Users\Kevin Quishpe\eclipse-workspace\.metadata\.plugins\org.eclipse.swt\EBWebView\Default
2026-08-14 22:05:03.532: [INFO] MostRecentlyActiveProfile: name=Perfil 1 path=C:\Users\Kevin Quishpe\eclipse-workspace\.metadata\.plugins\org.eclipse.swt\EBWebView\Default lastActive=2026-08-12T20:24:32.653Z
2026-08-14 22:05:03.532: [INFO] OnDoneLoading sync enabled: 0
2026-08-14 22:05:03.532: [INFO] BookmarkModelLoaded, ids_reassigned: 0
2026-08-14 22:05:03.532: [INFO] BookmarksLoadDropped droppedNodes=0
2026-08-14 22:05:03.532: [INFO] BookmarksSnapshot Startup total=0 bar=0 other=0 mobile=0 showBar=0 showBarNTP=1
2026-08-14 23:39:51.627: [INFO] BookmarksSnapshot Shutdown total=0 bar=0 other=0 mobile=0 showBar=0 showBarNTP=1
2026-08-14 23:40:50.434: [INFO] CurrentProfilePath: C:\Users\Kevin Quishpe\eclipse-workspace\.metadata\.plugins\org.eclipse.swt\EBWebView\Default
2026-08-14 23:40:50.434: [INFO] Profiles total count: 1
2026-08-14 23:40:50.435: [INFO] Profile: name=Perfil 1 path=C:\Users\Kevin Quishpe\eclipse-workspace\.metadata\.plugins\org.eclipse.swt\EBWebView\Default lastActive=2026-08-12T20:24:32.653Z
2026-08-14 23:40:50.435: [INFO] LastUsedProfileDir: C:\Users\Kevin Quishpe\eclipse-workspace\.metadata\.plugins\org.eclipse.swt\EBWebView\Default
2026-08-14 23:40:50.435: [INFO] MostRecentlyActiveProfile: name=Perfil 1 path=C:\Users\Kevin Quishpe\eclipse-workspace\.metadata\.plugins\org.eclipse.swt\EBWebView\Default lastActive=2026-08-12T20:24:32.653Z
2026-08-14 23:40:50.435: [INFO] OnDoneLoading sync enabled: 0
2026-08-14 23:40:50.435: [INFO] BookmarkModelLoaded, ids_reassigned: 0
2026-08-14 23:40:50.435: [INFO] BookmarksLoadDropped droppedNodes=0
2026-08-14 23:40:50.435: [INFO] BookmarksSnapshot Startup total=0 bar=0 other=0 mobile=0 showBar=0 showBarNTP=1
2026-08-15 12:17:39.277: [INFO] BookmarksSnapshot Shutdown total=0 bar=0 other=0 mobile=0 showBar=0 showBarNTP=1
2026-08-15 16:11:07.638: [INFO] CurrentProfilePath: C:\Users\Kevin Quishpe\eclipse-workspace\.metadata\.plugins\org.eclipse.swt\EBWebView\Default
2026-08-15 16:11:07.638: [INFO] Profiles total count: 1
2026-08-15 16:11:07.641: [INFO] Profile: name=Perfil 1 path=C:\Users\Kevin Quishpe\eclipse-workspace\.metadata\.plugins\org.eclipse.swt\EBWebView\Default lastActive=2026-08-12T20:24:32.653Z
2026-08-15 16:11:07.641: [INFO] LastUsedProfileDir: C:\Users\Kevin Quishpe\eclipse-workspace\.metadata\.plugins\org.eclipse.swt\EBWebView\Default
2026-08-15 16:11:07.642: [INFO] MostRecentlyActiveProfile: name=Perfil 1 path=C:\Users\Kevin Quishpe\eclipse-workspace\.metadata\.plugins\org.eclipse.swt\EBWebView\Default lastActive=2026-08-12T20:24:32.653Z
2026-08-15 16:11:07.642: [INFO] OnDoneLoading sync enabled: 0
2026-08-15 16:11:07.642: [INFO] BookmarkModelLoaded, ids_reassigned: 0
2026-08-15 16:11:07.642: [INFO] BookmarksLoadDropped droppedNodes=0
2026-08-15 16:11:07.642: [INFO] BookmarksSnapshot Startup total=0 bar=0 other=0 mobile=0 showBar=0 showBarNTP=1
2026-08-15 16:11:14.547: [INFO] BookmarksSnapshot Shutdown total=0 bar=0 other=0 mobile=0 showBar=0 showBarNTP=1
2026-08-15 16:17:47.708: [INFO] CurrentProfilePath: C:\Users\Kevin Quishpe\eclipse-workspace\.metadata\.plugins\org.eclipse.swt\EBWebView\Default
2026-08-15 16:17:47.708: [INFO] Profiles total count: 1
2026-08-15 16:17:47.708: [INFO] Profile: name=Perfil 1 path=C:\Users\Kevin Quishpe\eclipse-workspace\.metadata\.plugins\org.eclipse.swt\EBWebView\Default lastActive=2026-08-12T20:24:32.653Z
2026-08-15 16:17:47.708: [INFO] LastUsedProfileDir: C:\Users\Kevin Quishpe\eclipse-workspace\.metadata\.plugins\org.eclipse.swt\EBWebView\Default
2026-08-15 16:17:47.708: [INFO] MostRecentlyActiveProfile: name=Perfil 1 path=C:\Users\Kevin Quishpe\eclipse-workspace\.metadata\.plugins\org.eclipse.swt\EBWebView\Default lastActive=2026-08-12T20:24:32.653Z
2026-08-15 16:17:47.708: [INFO] OnDoneLoading sync enabled: 0
2026-08-15 16:17:47.708: [INFO] BookmarkModelLoaded, ids_reassigned: 0
2026-08-15 16:17:47.708: [INFO] BookmarksLoadDropped droppedNodes=0
2026-08-15 16:17:47.708: [INFO] BookmarksSnapshot Startup total=0 bar=0 other=0 mobile=0 showBar=0 showBarNTP=1
2026-08-15 16:18:26.534: [INFO] BookmarksSnapshot Shutdown total=0 bar=0 other=0 mobile=0 showBar=0 showBarNTP=1
